time="2026-08-14T15:00:09+08:00" level=info msg="init logger successfully" file="init.go:80" Command=bootstrap/init Component=ma-training-toolkit Container=modelarts-training-init Platform=ModelArts-Service
time="2026-08-14T15:00:09+08:00" level=info msg="current user 1000:100" file="init.go:82" Command=bootstrap/init Component=ma-training-toolkit Container=modelarts-training-init Platform=ModelArts-Service
time="2026-08-14T15:00:09+08:00" level=info msg="init command: bash /home/ma-user/training/init.sh 's3://bucket-pangu-green/cyb/decodeatt/' ''" file="init.go:192" Command=bootstrap/init Component=ma-training-toolkit Container=modelarts-training-init Platform=ModelArts-Service
time="2026-08-14T15:00:09+08:00" level=info msg="scc is already installed, skipping this step..." Component=ShellScripts Platform=ModelArts-Service
time="2026-08-14T15:00:09+08:00" level=info msg="[init] toolkit_obs_upload_pid = 67" Component=ShellScripts Platform=ModelArts-Service
time="2026-08-14T15:00:09+08:00" level=info msg="[init] running at 2026-08-14-15:00:09" Component=ShellScripts Platform=ModelArts-Service
time="2026-08-14T15:00:09+08:00" level=info msg="[init] ip of the pod: 192.168.222.249" Component=ShellScripts Platform=ModelArts-Service
time="2026-08-14T15:00:09+08:00" level=info msg="[init] try to generate pip config" Component=ShellScripts Platform=ModelArts-Service
time="2026-08-14T15:00:09+08:00" level=info msg="[detect] init container detect start" Component=ShellScripts Platform=ModelArts-Service
time="2026-08-14T15:00:09+08:00" level=info msg="[task]Detect item: disk-size cache" Component=ShellScripts Platform=ModelArts-Service
time="2026-08-14T15:00:09+08:00" level=info msg="local dir = /home/ma-user/modelarts/log/" file="upload.go:270" Command=obs/upload Component=ma-training-toolkit Container=modelarts-training-init Platform=ModelArts-Service Task=
time="2026-08-14T15:00:09+08:00" level=info msg="obs dir = s3://yundao-modelarts-training-log-cn-north-9/e141eb36-330e-4280-bed7-e050518efe9f/worker-0" file="upload.go:273" Command=obs/upload Component=ma-training-toolkit Container=modelarts-training-init Platform=ModelArts-Service Task=
time="2026-08-14T15:00:09+08:00" level=info msg="num of workers = 8" file="upload.go:278" Command=obs/upload Component=ma-training-toolkit Container=modelarts-training-init Platform=ModelArts-Service Task=
time="2026-08-14T15:00:09+08:00" level=info msg="start the periodic upload task, upload Period = 60 seconds " file="upload.go:289" Command=obs/upload Component=ma-training-toolkit Container=modelarts-training-init Platform=ModelArts-Service Task=
time="2026-08-14T15:00:09+08:00" level=info msg="report event InitStart success" file="event.go:136" Command=bootstrap/init Component=ma-training-toolkit Container=modelarts-training-init Platform=ModelArts-Service
time="2026-08-14T15:00:09+08:00" level=info msg="[detect] code: 0, message: ok, item: disk-size cache" Component=ShellScripts Platform=ModelArts-Service
time="2026-08-14T15:00:09+08:00" level=info msg="[task]Detect item: ulimit" Component=ShellScripts Platform=ModelArts-Service
time="2026-08-14T15:00:10+08:00" level=info msg="[detect] code: 0, message: ok, item: ulimit" Component=ShellScripts Platform=ModelArts-Service
time="2026-08-14T15:00:10+08:00" level=info msg="[task]Detect item: disk-size root" Component=ShellScripts Platform=ModelArts-Service
time="2026-08-14T15:00:10+08:00" level=info msg="[detect] code: 0, message: ok, item: disk-size root" Component=ShellScripts Platform=ModelArts-Service
time="2026-08-14T15:00:10+08:00" level=info msg="[task]Detect item: disk-size shm" Component=ShellScripts Platform=ModelArts-Service
time="2026-08-14T15:00:10+08:00" level=info msg="[detect] code: 0, message: ok, item: disk-size shm" Component=ShellScripts Platform=ModelArts-Service
time="2026-08-14T15:00:10+08:00" level=info msg="report event InitContainerDetectFinish success" file="event.go:136" Command=report Component=ma-training-toolkit Container=modelarts-training-init Platform=ModelArts-Service
cp: cannot create regular file '/home/ma-user/modelarts/lib/': Not a directory
time="2026-08-14T15:00:12+08:00" level=info msg="[init] autosearch_path is empty, skip the autosearch download" Component=ShellScripts Platform=ModelArts-Service
time="2026-08-14T15:00:12+08:00" level=info msg="[init] start to download the code" Component=ShellScripts Platform=ModelArts-Service
time="2026-08-14T15:00:12+08:00" level=info msg="[init] code_url: s3://bucket-pangu-green/cyb/decodeatt/" Component=ShellScripts Platform=ModelArts-Service
time="2026-08-14T15:00:12+08:00" level=info msg="[init] modelarts_downloader_job_pid = 534" Component=ShellScripts Platform=ModelArts-Service
time="2026-08-14T15:00:12+08:00" level=info msg="Main: modelarts-downloader starting with Namespace(recursive=True, skip_creating_dir=False, type='common', verbose=False, trace=False, src='s3://bucket-pangu-green/cyb/decodeatt/', dst='./')" Component=PythonScripts Platform=ModelArts-Service
[ModelArts Service Log]2026-08-14 15:00:12,816 - file_io.py[line:2049] - INFO: Listing OBS: 1000
[ModelArts Service Log]2026-08-14 15:00:12,894 - file_io.py[line:2049] - INFO: Listing OBS: 2000
[ModelArts Service Log]2026-08-14 15:00:12,974 - file_io.py[line:2049] - INFO: Listing OBS: 3000
[ModelArts Service Log]2026-08-14 15:00:13,057 - file_io.py[line:2049] - INFO: Listing OBS: 4000
[ModelArts Service Log]2026-08-14 15:00:13,134 - file_io.py[line:2049] - INFO: Listing OBS: 5000
[ModelArts Service Log]2026-08-14 15:00:13,216 - file_io.py[line:2049] - INFO: Listing OBS: 6000
[ModelArts Service Log]2026-08-14 15:00:13,294 - file_io.py[line:2049] - INFO: Listing OBS: 7000
[ModelArts Service Log]2026-08-14 15:00:13,373 - file_io.py[line:2049] - INFO: Listing OBS: 8000
[ModelArts Service Log]2026-08-14 15:00:13,456 - file_io.py[line:2049] - INFO: Listing OBS: 9000
[ModelArts Service Log]2026-08-14 15:00:13,638 - file_io.py[line:2049] - INFO: Listing OBS: 10000
[ModelArts Service Log]2026-08-14 15:00:13,718 - file_io.py[line:2049] - INFO: Listing OBS: 11000
[ModelArts Service Log]2026-08-14 15:00:13,798 - file_io.py[line:2049] - INFO: Listing OBS: 12000
[ModelArts Service Log]2026-08-14 15:00:13,877 - file_io.py[line:2049] - INFO: Listing OBS: 13000
[ModelArts Service Log]2026-08-14 15:00:13,955 - file_io.py[line:2049] - INFO: Listing OBS: 14000
[ModelArts Service Log]2026-08-14 15:00:14,034 - file_io.py[line:2049] - INFO: Listing OBS: 15000
[ModelArts Service Log]2026-08-14 15:00:14,114 - file_io.py[line:2049] - INFO: Listing OBS: 16000
[ModelArts Service Log]2026-08-14 15:00:14,198 - file_io.py[line:2049] - INFO: Listing OBS: 17000
[ModelArts Service Log]2026-08-14 15:00:14,340 - file_io.py[line:2049] - INFO: Listing OBS: 18000
[ModelArts Service Log]2026-08-14 15:00:14,420 - file_io.py[line:2049] - INFO: Listing OBS: 19000
[ModelArts Service Log]2026-08-14 15:00:14,501 - file_io.py[line:2049] - INFO: Listing OBS: 20000
[ModelArts Service Log]2026-08-14 15:00:14,589 - file_io.py[line:2049] - INFO: Listing OBS: 21000
[ModelArts Service Log]2026-08-14 15:00:14,672 - file_io.py[line:2049] - INFO: Listing OBS: 22000
[ModelArts Service Log]2026-08-14 15:00:14,751 - file_io.py[line:2049] - INFO: Listing OBS: 23000
[ModelArts Service Log]2026-08-14 15:00:14,830 - file_io.py[line:2049] - INFO: Listing OBS: 24000
[ModelArts Service Log]2026-08-14 15:00:14,912 - file_io.py[line:2049] - INFO: Listing OBS: 25000
[ModelArts Service Log]2026-08-14 15:00:14,996 - file_io.py[line:2049] - INFO: Listing OBS: 26000
[ModelArts Service Log]2026-08-14 15:00:15,085 - file_io.py[line:2049] - INFO: Listing OBS: 27000
[ModelArts Service Log]2026-08-14 15:00:15,167 - file_io.py[line:2049] - INFO: Listing OBS: 28000
[ModelArts Service Log]2026-08-14 15:00:15,249 - file_io.py[line:2049] - INFO: Listing OBS: 29000
[ModelArts Service Log]2026-08-14 15:00:15,331 - file_io.py[line:2049] - INFO: Listing OBS: 30000
[ModelArts Service Log]2026-08-14 15:00:15,367 - file_io.py[line:2049] - INFO: Listing OBS: 31000
[ModelArts Service Log]2026-08-14 15:00:15,381 - file_io.py[line:1701] - INFO: Multiprocessing connection patch for bpo-17560 not applied, not an applicable Python version: 3.9.9 (main, Jun 19 2024, 02:50:21) 
[GCC 10.3.1]
[ModelArts Service Log]2026-08-14 15:00:16,047 - file_io.py[line:1842] - INFO: Listing OBS: 1000
[ModelArts Service Log]2026-08-14 15:00:16,492 - file_io.py[line:1842] - INFO: Listing OBS: 2000
[ModelArts Service Log]2026-08-14 15:00:16,584 - file_io.py[line:1842] - INFO: Listing OBS: 3000
[ModelArts Service Log]2026-08-14 15:00:16,833 - file_io.py[line:1842] - INFO: Listing OBS: 4000
[ModelArts Service Log]2026-08-14 15:00:16,940 - file_io.py[line:1842] - INFO: Listing OBS: 5000
[ModelArts Service Log]2026-08-14 15:00:17,007 - file_io.py[line:1842] - INFO: Listing OBS: 6000
[ModelArts Service Log]2026-08-14 15:00:17,101 - file_io.py[line:1861] - INFO: Listing OBS: 7000
[ModelArts Service Log]2026-08-14 15:00:17,207 - file_io.py[line:1842] - INFO: Listing OBS: 8000
[ModelArts Service Log]2026-08-14 15:00:17,801 - file_io.py[line:1861] - INFO: Listing OBS: 9000
[ModelArts Service Log]2026-08-14 15:00:18,114 - file_io.py[line:1842] - INFO: Listing OBS: 10000
[ModelArts Service Log]2026-08-14 15:00:18,239 - file_io.py[line:1842] - INFO: Listing OBS: 11000
[ModelArts Service Log]2026-08-14 15:00:18,371 - file_io.py[line:1842] - INFO: Listing OBS: 12000
[ModelArts Service Log]2026-08-14 15:00:18,516 - file_io.py[line:1842] - INFO: Listing OBS: 13000
[ModelArts Service Log]2026-08-14 15:00:18,632 - file_io.py[line:1842] - INFO: Listing OBS: 14000
[ModelArts Service Log]2026-08-14 15:00:18,765 - file_io.py[line:1842] - INFO: Listing OBS: 15000
[ModelArts Service Log]2026-08-14 15:00:18,937 - file_io.py[line:1842] - INFO: Listing OBS: 16000
[ModelArts Service Log]2026-08-14 15:00:19,126 - file_io.py[line:1842] - INFO: Listing OBS: 17000
[ModelArts Service Log]2026-08-14 15:00:19,439 - file_io.py[line:1842] - INFO: Listing OBS: 18000
[ModelArts Service Log]2026-08-14 15:00:19,454 - file_io.py[line:1842] - INFO: Listing OBS: 19000
[ModelArts Service Log]2026-08-14 15:00:19,526 - file_io.py[line:1842] - INFO: Listing OBS: 20000
[ModelArts Service Log]2026-08-14 15:00:19,597 - file_io.py[line:1842] - INFO: Listing OBS: 21000
[ModelArts Service Log]2026-08-14 15:00:19,601 - file_io.py[line:1842] - INFO: Listing OBS: 22000
[ModelArts Service Log]2026-08-14 15:00:19,685 - file_io.py[line:1842] - INFO: Listing OBS: 23000
[ModelArts Service Log]2026-08-14 15:00:19,717 - file_io.py[line:1842] - INFO: Listing OBS: 24000
[ModelArts Service Log]2026-08-14 15:00:19,760 - file_io.py[line:1842] - INFO: Listing OBS: 25000
[ModelArts Service Log]2026-08-14 15:00:19,831 - file_io.py[line:1842] - INFO: Listing OBS: 26000
[ModelArts Service Log]2026-08-14 15:00:19,896 - file_io.py[line:1842] - INFO: Listing OBS: 27000
[ModelArts Service Log]2026-08-14 15:00:19,910 - file_io.py[line:1842] - INFO: Listing OBS: 28000
[ModelArts Service Log]2026-08-14 15:00:20,545 - file_io.py[line:1842] - INFO: Listing OBS: 29000
[ModelArts Service Log]2026-08-14 15:00:20,726 - file_io.py[line:1842] - INFO: Listing OBS: 30000
[ModelArts Service Log]2026-08-14 15:00:21,084 - file_io.py[line:1842] - INFO: Listing OBS: 31000
[ModelArts Service Log]2026-08-14 15:00:21,427 - file_io.py[line:3418] - INFO: List OBS time cost: 6.06 seconds.
[ModelArts Service Log]2026-08-14 15:00:23,452 - file_io.py[line:3484] - INFO: 1000/28489
[ModelArts Service Log]2026-08-14 15:00:25,585 - file_io.py[line:3484] - INFO: 2000/28489
[ModelArts Service Log]2026-08-14 15:00:27,664 - file_io.py[line:3484] - INFO: 3000/28489
[ModelArts Service Log]2026-08-14 15:00:29,724 - file_io.py[line:3484] - INFO: 4000/28489
[ModelArts Service Log]2026-08-14 15:00:31,804 - file_io.py[line:3484] - INFO: 5000/28489
[ModelArts Service Log]2026-08-14 15:00:34,007 - file_io.py[line:3484] - INFO: 6000/28489
[ModelArts Service Log]2026-08-14 15:00:36,327 - file_io.py[line:3484] - INFO: 7000/28489
[ModelArts Service Log]2026-08-14 15:00:38,612 - file_io.py[line:3484] - INFO: 8000/28489
[ModelArts Service Log]2026-08-14 15:00:40,749 - file_io.py[line:3484] - INFO: 9000/28489
[ModelArts Service Log]2026-08-14 15:00:42,834 - file_io.py[line:3484] - INFO: 10000/28489
[ModelArts Service Log]2026-08-14 15:00:44,895 - file_io.py[line:3484] - INFO: 11000/28489
[ModelArts Service Log]2026-08-14 15:00:46,920 - file_io.py[line:3484] - INFO: 12000/28489
[ModelArts Service Log]2026-08-14 15:00:49,044 - file_io.py[line:3484] - INFO: 13000/28489
[ModelArts Service Log]2026-08-14 15:00:51,586 - file_io.py[line:3484] - INFO: 14000/28489
[ModelArts Service Log]2026-08-14 15:00:53,656 - file_io.py[line:3484] - INFO: 15000/28489
[ModelArts Service Log]2026-08-14 15:00:55,713 - file_io.py[line:3484] - INFO: 16000/28489
[ModelArts Service Log]2026-08-14 15:00:57,809 - file_io.py[line:3484] - INFO: 17000/28489
[ModelArts Service Log]2026-08-14 15:00:59,899 - file_io.py[line:3484] - INFO: 18000/28489
[ModelArts Service Log]2026-08-14 15:01:02,026 - file_io.py[line:3484] - INFO: 19000/28489
[ModelArts Service Log]2026-08-14 15:01:04,132 - file_io.py[line:3484] - INFO: 20000/28489
[ModelArts Service Log]2026-08-14 15:01:06,239 - file_io.py[line:3484] - INFO: 21000/28489
[ModelArts Service Log]2026-08-14 15:01:08,271 - file_io.py[line:3484] - INFO: 22000/28489
time="2026-08-14T15:01:09+08:00" level=info msg="MA_OUTPUT_PRELOAD_SUFFIX: ." file="preload.go:27" Command=obs/upload Component=ma-training-toolkit Container=modelarts-training-init Platform=ModelArts-Service Task=
time="2026-08-14T15:01:09+08:00" level=info msg="modelarts output channel preload to memarts switch is: false." file="preload.go:40" Command=obs/upload Component=ma-training-toolkit Container=modelarts-training-init Platform=ModelArts-Service Task=
[ModelArts Service Log]2026-08-14 15:01:10,438 - file_io.py[line:3484] - INFO: 23000/28489
[ModelArts Service Log]2026-08-14 15:01:12,545 - file_io.py[line:3484] - INFO: 24000/28489
[ModelArts Service Log]2026-08-14 15:01:14,634 - file_io.py[line:3484] - INFO: 25000/28489
[ModelArts Service Log]2026-08-14 15:01:16,673 - file_io.py[line:3484] - INFO: 26000/28489
[ModelArts Service Log]2026-08-14 15:01:18,787 - file_io.py[line:3484] - INFO: 27000/28489
[ModelArts Service Log]2026-08-14 15:01:20,872 - file_io.py[line:3484] - INFO: 28000/28489
[ModelArts Service Log]2026-08-14 15:01:21,910 - file_io.py[line:3464] - INFO: Copy parallel total time cost: 66.54 seconds.
time="2026-08-14T15:01:21+08:00" level=info msg="[init] code is now in /home/ma-user/modelarts/user-job-dir" Component=ShellScripts Platform=ModelArts-Service
time="2026-08-14T15:01:21+08:00" level=info msg="[init] download the code use 69.937s" Component=ShellScripts Platform=ModelArts-Service
time="2026-08-14T15:01:22+08:00" level=info msg="report event DownloadCodeSuccess success" file="event.go:136" Command=report Component=ma-training-toolkit Container=modelarts-training-init Platform=ModelArts-Service
time="2026-08-14T15:01:22+08:00" level=info msg="[init] record_dir is empty, skip the code upload" Component=ShellScripts Platform=ModelArts-Service
time="2026-08-14T15:01:22+08:00" level=info msg="[ModelArts Service Log] skip init engine,due to it's customized image but not on arm platform." Component=ShellScripts Platform=ModelArts-Service
time="2026-08-14T15:01:22+08:00" level=info msg="[init] inputs_handler_job_pid = 874" Component=ShellScripts Platform=ModelArts-Service
time="2026-08-14T15:01:22+08:00" level=info msg="env MA_INPUTS is empty, skip the inputs handler" Component=PythonScripts Platform=ModelArts-Service
time="2026-08-14T15:01:22+08:00" level=info msg="there is no need to download obs channels file" file="download_by_channels.go:27" Command=obs/download_by_channels Component=ma-training-toolkit Container=modelarts-training-init Platform=ModelArts-Service
time="2026-08-14T15:01:22+08:00" level=info msg="[init] exiting at 2026-08-14-15:01:22" Component=ShellScripts Platform=ModelArts-Service
time="2026-08-14T15:01:22+08:00" level=info msg="[init] stop toolkit_obs_upload_pid = 67 by signal SIGTERM" Component=ShellScripts Platform=ModelArts-Service
time="2026-08-14T15:01:22+08:00" level=info msg="the final upload is in progress..." file="upload.go:302" Command=obs/upload Component=ma-training-toolkit Container=modelarts-training-init Platform=ModelArts-Service Task=
time="2026-08-14T15:01:22+08:00" level=info msg="start upload output at 2026-08-14T15:01:22+08:00" file="upload.go:305" Command=obs/upload Component=ma-training-toolkit Container=modelarts-training-init Platform=ModelArts-Service Task=
time="2026-08-14T15:01:22+08:00" level=info msg="obs client ctx is closed" file="upload.go:207" Command=obs/upload Component=ma-training-toolkit Container=modelarts-training-init Platform=ModelArts-Service Task=
time="2026-08-14T15:01:22+08:00" level=info msg="[UploadSuccess] total files num: [3], total files size: [0.06 MB], cost time: [25.495542ms]" file="upload.go:311" Command=obs/upload Component=ma-training-toolkit Container=modelarts-training-init Platform=ModelArts-Service Task=
time="2026-08-14T15:01:22+08:00" level=info msg="[init] toolkit_obs_upload 67 ret_code is 0" Component=ShellScripts Platform=ModelArts-Service
time="2026-08-14T15:01:22+08:00" level=info msg="[init] exit with 0" Component=ShellScripts Platform=ModelArts-Service
time="2026-08-14T15:01:22+08:00" level=info msg="local dir = /home/ma-user/modelarts/log/" file="upload.go:270" Command=bootstrap/init Component=ma-training-toolkit Container=modelarts-training-init Platform=ModelArts-Service Task=
time="2026-08-14T15:01:22+08:00" level=info msg="obs dir = s3://yundao-modelarts-training-log-cn-north-9/e141eb36-330e-4280-bed7-e050518efe9f/worker-0" file="upload.go:273" Command=bootstrap/init Component=ma-training-toolkit Container=modelarts-training-init Platform=ModelArts-Service Task=
time="2026-08-14T15:01:22+08:00" level=info msg="num of workers = 8" file="upload.go:278" Command=bootstrap/init Component=ma-training-toolkit Container=modelarts-training-init Platform=ModelArts-Service Task=
time="2026-08-14T15:01:22+08:00" level=info msg="MA_OUTPUT_PRELOAD_SUFFIX: ." file="preload.go:27" Command=bootstrap/init Component=ma-training-toolkit Container=modelarts-training-init Platform=ModelArts-Service Task=
time="2026-08-14T15:01:22+08:00" level=info msg="modelarts output channel preload to memarts switch is: false." file="preload.go:40" Command=bootstrap/init Component=ma-training-toolkit Container=modelarts-training-init Platform=ModelArts-Service Task=
time="2026-08-14T15:01:22+08:00" level=info msg="[init] container modelarts-training-init exit with exit code 0" file="bootstrap.go:362" Command=bootstrap/init Component=ma-training-toolkit Container=modelarts-training-init Platform=ModelArts-Service
time="2026-08-14T15:01:22+08:00" level=info msg="bootstrap is exiting with exit code 0" file="bootstrap.go:373" Command=bootstrap/init Component=ma-training-toolkit Container=modelarts-training-init Platform=ModelArts-Service
time="2026-08-14T15:02:49+08:00" level=info msg="init logger successfully" file="run_train.go:158" Command=bootstrap/run Component=ma-training-toolkit Container=modelarts-training Platform=ModelArts-Service
time="2026-08-14T15:02:49+08:00" level=info msg="heartbeat update routine started" file="heartbeat.go:135" Command=bootstrap/run Component=ma-training-toolkit Container=modelarts-training Platform=ModelArts-Service
time="2026-08-14T15:02:49+08:00" level=info msg="the core file size limit is unlimited\n" file="core_file_collect.go:34" Command=bootstrap/run Component=ma-training-toolkit Container=modelarts-training Platform=ModelArts-Service
time="2026-08-14T15:02:49+08:00" level=info msg="create core file symbolic link to /home/ma-user/modelarts/log successful" file="core_file_collect.go:68" Command=bootstrap/run Component=ma-training-toolkit Container=modelarts-training Platform=ModelArts-Service
time="2026-08-14T15:02:49+08:00" level=info msg="Waiting for SCC server start." file="run_train.go:760" Command=bootstrap/run Component=ma-training-toolkit Container=modelarts-training Platform=ModelArts-Service
time="2026-08-14T15:02:49+08:00" level=info msg="init logger successfully" file="upload.go:85" Command=bootstrap/upload Component=ma-training-toolkit Container=modelarts-training-sidecar Platform=ModelArts-Service
time="2026-08-14T15:02:49+08:00" level=info msg="start checking secret refresh time." file="secret.go:45" Command=bootstrap/upload Component=ma-training-toolkit Container=modelarts-training-sidecar Platform=ModelArts-Service
time="2026-08-14T15:02:49+08:00" level=info msg="current user 0:0" file="upload.go:93" Command=bootstrap/upload Component=ma-training-toolkit Container=modelarts-training-sidecar Platform=ModelArts-Service
time="2026-08-14T15:02:49+08:00" level=info msg="[sidecar] start to upload training outputs and log" file="upload.go:95" Command=bootstrap/upload Component=ma-training-toolkit Container=modelarts-training-sidecar Platform=ModelArts-Service
time="2026-08-14T15:02:49+08:00" level=info msg="obs download task in progress, local dir: /home/ma-user/training/runtime-scripts-v2/sidecar-container/, obs dir: /yundao-modelarts-training-log-cn-north-9/train-knowledge, num workers: 1" file="download.go:211" Command=bootstrap/upload Component=ma-training-toolkit Container=modelarts-training-sidecar Platform=ModelArts-Service Task=ma_knowledge_download
time="2026-08-14T15:02:49+08:00" level=info msg="obs download complete, successful: 0, failed: 0, skipped: 0, total downloaded bytes: 0, total elapsed time: 0s" file="download.go:248" Command=bootstrap/upload Component=ma-training-toolkit Container=modelarts-training-sidecar Platform=ModelArts-Service Task=ma_knowledge_download
time="2026-08-14T15:02:49+08:00" level=info msg="upload command: /home/ma-user/training/sidecar.sh" file="upload.go:121" Command=bootstrap/upload Component=ma-training-toolkit Container=modelarts-training-sidecar Platform=ModelArts-Service
time="2026-08-14T15:02:49+08:00" level=info msg="heartbeat check routine started, periodic interval：600s, heartbeat timeout:2400s" file="heartbeat.go:113" Command=bootstrap/upload Component=ma-training-toolkit Container=modelarts-training-sidecar Platform=ModelArts-Service
time="2026-08-14T15:02:49+08:00" level=info msg="scc is already installed, skipping this step..." Component=ShellScripts Platform=ModelArts-Service
time="2026-08-14T15:02:49+08:00" level=info msg="[sidecar] running at 2026-08-14-15:02:49" Component=ShellScripts Platform=ModelArts-Service
time="2026-08-14T15:02:49+08:00" level=info msg="[sidecar] scc server pid = 51" Component=ShellScripts Platform=ModelArts-Service
time="2026-08-14T15:02:49+08:00" level=info msg="[sidecar] toolkit_host_log_collection_pid = 55" Component=ShellScripts Platform=ModelArts-Service
time="2026-08-14T15:02:49+08:00" level=info msg="start host log collection routine, dump period: 30s, host log dir: /var/log/, local log dir: /home/ma-user/modelarts/log" file="host_log.go:45" Command=host-log-collection Component=ma-training-toolkit Container=modelarts-training-sidecar Platform=ModelArts-Service
time="2026-08-14T15:02:49+08:00" level=info msg="Starting SCC server on 127.0.0.1:59132" file="server.go:56" Command=scc-server Component=ma-scc-server Container=modelarts-training-sidecar Platform=ModelArts-Service
time="2026-08-14T15:02:52+08:00" level=info msg="SCC server has been init, training continue." file="run_train.go:778" Command=bootstrap/run Component=ma-training-toolkit Container=modelarts-training Platform=ModelArts-Service
time="2026-08-14T15:02:52+08:00" level=info msg="current user name: ma-user" file="image_check.go:156" Command=bootstrap/run Component=ma-training-toolkit Container=modelarts-training Platform=ModelArts-Service
time="2026-08-14T15:02:52+08:00" level=info msg="current uid: 1000" file="image_check.go:157" Command=bootstrap/run Component=ma-training-toolkit Container=modelarts-training Platform=ModelArts-Service
time="2026-08-14T15:02:52+08:00" level=info msg="current gid: 100" file="image_check.go:158" Command=bootstrap/run Component=ma-training-toolkit Container=modelarts-training Platform=ModelArts-Service
time="2026-08-14T15:02:52+08:00" level=info msg="image check passed" file="image_check.go:90" Command=bootstrap/run Component=ma-training-toolkit Container=modelarts-training Platform=ModelArts-Service
time="2026-08-14T15:02:52+08:00" level=info msg="hbm leak pre-check is not enabled" file="run_train.go:230" Command=bootstrap/run Component=ma-training-toolkit Container=modelarts-training Platform=ModelArts-Service
time="2026-08-14T15:02:52+08:00" level=info msg="starting MAOS agent metrics exporter" file="metrics_exporter.go:396" Command=bootstrap/run Component=ma-training-toolkit Container=modelarts-training Platform=ModelArts-Service
time="2026-08-14T15:02:52+08:00" level=info msg="pre train command: mkdir -p ~/.pip && echo -e \"[global]\\ntrusted-host = repo.myhuaweicloud.com\\nindex-url = http://repo.myhuaweicloud.com/repository/pypi/simple\\ntimeout = 120\" > ~/.pip/pip.conf;" file="run_train.go:1122" Command=bootstrap/run Component=ma-training-toolkit Container=modelarts-training Platform=ModelArts-Service
time="2026-08-14T15:02:52+08:00" level=info msg="initializing debug mode runtime environment" file="run_train.go:1523" Command=bootstrap/run Component=ma-training-toolkit Container=modelarts-training Platform=ModelArts-Service
time="2026-08-14T15:02:52+08:00" level=info msg="initializing sshd, user home path: /home/ma-user" file="ssh.go:23" Command=bootstrap/run Component=ma-training-toolkit Container=modelarts-training Platform=ModelArts-Service
time="2026-08-14T15:02:52+08:00" level=info msg="initializing user ssh dir /home/ma-user/.ssh" file="ssh.go:42" Command=bootstrap/run Component=ma-training-toolkit Container=modelarts-training Platform=ModelArts-Service
time="2026-08-14T15:02:52+08:00" level=warning msg="path /home/ma-user/.ssh already exist, changing mod to 700" file="ssh.go:46" Command=bootstrap/run Component=ma-training-toolkit Container=modelarts-training Platform=ModelArts-Service
time="2026-08-14T15:02:52+08:00" level=info msg="successfully initialized user ssh dir /home/ma-user/.ssh " file="ssh.go:56" Command=bootstrap/run Component=ma-training-toolkit Container=modelarts-training Platform=ModelArts-Service
time="2026-08-14T15:02:52+08:00" level=info msg="initializing ssh environment file /home/ma-user/.ssh/environment" file="ssh.go:64" Command=bootstrap/run Component=ma-training-toolkit Container=modelarts-training Platform=ModelArts-Service
time="2026-08-14T15:02:52+08:00" level=info msg="successfully initialized ssh environment file /home/ma-user/.ssh/environment " file="ssh.go:73" Command=bootstrap/run Component=ma-training-toolkit Container=modelarts-training Platform=ModelArts-Service
time="2026-08-14T15:02:52+08:00" level=info msg="successfully init sshd" file="ssh.go:35" Command=bootstrap/run Component=ma-training-toolkit Container=modelarts-training Platform=ModelArts-Service
time="2026-08-14T15:02:52+08:00" level=info msg="successfully initialized debug mode runtime environment" file="run_train.go:1531" Command=bootstrap/run Component=ma-training-toolkit Container=modelarts-training Platform=ModelArts-Service
time="2026-08-14T15:02:52+08:00" level=info msg="the pre-training script(ma-pre-start.sh or ma-pre-start.py) not found on env, bootfile dir, or code dir, skipping execution" file="run_train.go:1200" Command=bootstrap/run Component=ma-training-toolkit Container=modelarts-training Platform=ModelArts-Service
time="2026-08-14T15:02:52+08:00" level=warning msg="the conda env bin /home/ma-user/anaconda3/envs/PyTorch-2.1.0/bin path is not exists, skip setting default conda env" file="run_train.go:1113" Command=bootstrap/run Component=ma-training-toolkit Container=modelarts-training Platform=ModelArts-Service
time="2026-08-14T15:02:52+08:00" level=info msg="run command: cd ${MA_JOB_DIR}/decodeatt && bash decodeatt/scripts/jiqun/aime24_rkv_b1536_s4_8gpu.sh " file="run_train.go:662" Command=bootstrap/run Component=ma-training-toolkit Container=modelarts-training Platform=ModelArts-Service
time="2026-08-14T15:02:52+08:00" level=info msg="pre runtime info collection started" file="run_train.go:1394" Command=bootstrap/run Component=ma-training-toolkit Container=modelarts-training Platform=ModelArts-Service
time="2026-08-14T15:02:52+08:00" level=info msg="skip collecting Tor, reason: empty results" file="collector.go:198" Command=bootstrap/run Component=ma-training-toolkit Container=modelarts-training Platform=ModelArts-Service
time="2026-08-14T15:02:52+08:00" level=info msg="skip collecting ranktable, reason: empty results" file="collector.go:198" Command=bootstrap/run Component=ma-training-toolkit Container=modelarts-training Platform=ModelArts-Service
time="2026-08-14T15:02:52+08:00" level=info msg="skip collecting hccn_tool, reason: not an ascend job, no need to collect" file="collector.go:194" Command=bootstrap/run Component=ma-training-toolkit Container=modelarts-training Platform=ModelArts-Service
time="2026-08-14T15:02:52+08:00" level=info msg="skip collecting npu_info, reason: not a NPU job" file="collector.go:194" Command=bootstrap/run Component=ma-training-toolkit Container=modelarts-training Platform=ModelArts-Service
time="2026-08-14T15:02:52+08:00" level=info msg="skip collecting pfc_enabled, reason: not an ascend job, no need to collect" file="collector.go:194" Command=bootstrap/run Component=ma-training-toolkit Container=modelarts-training Platform=ModelArts-Service
time="2026-08-14T15:02:52+08:00" level=info msg="skip collecting ascend_dmi, reason: not an ascend job, no need to collect" file="collector.go:194" Command=bootstrap/run Component=ma-training-toolkit Container=modelarts-training Platform=ModelArts-Service
time="2026-08-14T15:02:52+08:00" level=info msg="skip collecting pip_list, reason: set conda env failed, err: set conda path for custom command failed, err: default conda env in DEFAULT_CONDA_ENV_NAME not found in ANACONDA_DIR, skipping" file="collector.go:194" Command=bootstrap/run Component=ma-training-toolkit Container=modelarts-training Platform=ModelArts-Service
time="2026-08-14T15:02:52+08:00" level=info msg="skip collecting npu_driver_version, reason: not a NPU job" file="collector.go:194" Command=bootstrap/run Component=ma-training-toolkit Container=modelarts-training Platform=ModelArts-Service
time="2026-08-14T15:02:52+08:00" level=info msg="skip collecting npu_ecc_info, reason: not a NPU job" file="collector.go:194" Command=bootstrap/run Component=ma-training-toolkit Container=modelarts-training Platform=ModelArts-Service
time="2026-08-14T15:02:52+08:00" level=info msg="skip collecting udp_status, reason: not an ascend job, no need to collect" file="collector.go:194" Command=bootstrap/run Component=ma-training-toolkit Container=modelarts-training Platform=ModelArts-Service
time="2026-08-14T15:02:52+08:00" level=info msg="auto set RoCE QoS envs: [NCCL_IB_GID_INDEX=3 NCCL_IB_TC=128]" file="run_train.go:507" Command=bootstrap/run Component=ma-training-toolkit Container=modelarts-training Platform=ModelArts-Service
time="2026-08-14T15:02:52+08:00" level=info msg="report event TrainingStart success" file="event.go:136" Command=bootstrap/run Component=ma-training-toolkit Container=modelarts-training Platform=ModelArts-Service
time="2026-08-14T15:02:52+08:00" level=info msg="auto set NCCL_SOCKET_IFNAME env: NCCL_SOCKET_IFNAME==ens2f5" file="run_train.go:524" Command=bootstrap/run Component=ma-training-toolkit Container=modelarts-training Platform=ModelArts-Service
time="2026-08-14T15:02:52+08:00" level=info msg="auto set GLOO_SOCKET_IFNAME env: GLOO_SOCKET_IFNAME=ens2f5" file="run_train.go:535" Command=bootstrap/run Component=ma-training-toolkit Container=modelarts-training Platform=ModelArts-Service
time="2026-08-14T15:02:52+08:00" level=info msg="failed to read user policy config: env MA_RECOVER_POLICY not exists or empty, will get recover policy from envs" file="policy.go:730" Command=bootstrap/run Component=ma-training-toolkit Container=modelarts-training Platform=ModelArts-Service
time="2026-08-14T15:02:52+08:00" level=info msg="runtime policy to be applied: {\"api_version\":\"0.0.1\",\"actions\":{\"ascend_log_diag_when_fail\":{\"max_num\":32767},\"exit\":{\"max_num\":32767}},\"exception_handle\":[{\"exception\":{\"type\":\"npu_fault_code_caused_repeatedly_by_user\"},\"handle_action\":\"job_reschedule\",\"priority\":-48},{\"exception\":{\"type\":\"npu_fault_code_caused_repeatedly\"},\"handle_action\":\"job_reschedule_with_taint\",\"priority\":-49},{\"exception\":{\"type\":\"npu_fault_code\"},\"handle_action\":\"npu_proc_restart\",\"priority\":-50},{\"exception\":{\"type\":\"gpu_reset_configmap\"},\"handle_action\":\"gpu_proc_restart\",\"priority\":-50},{\"exception\":{\"type\":\"custom_pattern\",\"value\":\"CUDA_ERROR_ECC_UNCORRECTABLE\"},\"handle_action\":\"gpu_proc_restart\",\"priority\":-50},{\"exception\":{\"type\":\"custom_pattern\",\"value\":\"uncorrectable ECC error\"},\"handle_action\":\"gpu_proc_restart\",\"priority\":-50},{\"exception\":{\"type\":\"gpu_smi\"},\"handle_action\":\"gpu_proc_restart\",\"priority\":-50},{\"exception\":{\"type\":\"exit_code\",\"value\":\"137\"},\"handle_action\":\"pod_reschedule\",\"priority\":-50},{\"exception\":{\"type\":\"ascend_diag_result\"},\"handle_action\":\"pod_reschedule\",\"priority\":-50},{\"exception\":{\"type\":\"instruct_start_fail\"},\"handle_action\":\"job_reschedule\",\"priority\":-50},{\"exception\":{\"type\":\"any_fail_term_for_ascend_log_diag\"},\"handle_action\":\"ascend_log_diag_when_fail\",\"priority\":-110}]}" file="policy.go:744" Command=bootstrap/run Component=ma-training-toolkit Container=modelarts-training Platform=ModelArts-Service
time="2026-08-14T15:02:52+08:00" level=info msg="event listener(name: listenAndServe) sync=false started" file="controller.go:174" Command=bootstrap/run Component=ma-training-toolkit Container=modelarts-training Platform=ModelArts-Service
time="2026-08-14T15:02:52+08:00" level=info msg="event listener(name: checkIn) sync=false started" file="controller.go:174" Command=bootstrap/run Component=ma-training-toolkit Container=modelarts-training Platform=ModelArts-Service
time="2026-08-14T15:02:52+08:00" level=warning msg="[gpu driver version validator]skip collecting environment information, reason: GPUDriverVersion is empty, maybe it's not a GPU job" file="processor.go:81" Command=bootstrap/run Component=ma-training-toolkit Container=modelarts-training Platform=ModelArts-Service
time="2026-08-14T15:02:52+08:00" level=warning msg="[npu driver version validator]skip collecting environment information, reason: NPUDriverVersion is empty, maybe it's not a NPU job" file="processor.go:81" Command=bootstrap/run Component=ma-training-toolkit Container=modelarts-training Platform=ModelArts-Service
time="2026-08-14T15:02:52+08:00" level=warning msg="[firmware version validator]skip collecting environment information, reason: firmware version is empty" file="processor.go:81" Command=bootstrap/run Component=ma-training-toolkit Container=modelarts-training Platform=ModelArts-Service
time="2026-08-14T15:02:52+08:00" level=warning msg="[ofed version validator]skip collecting environment information, reason: ofed version is empty" file="processor.go:81" Command=bootstrap/run Component=ma-training-toolkit Container=modelarts-training Platform=ModelArts-Service
time="2026-08-14T15:02:52+08:00" level=info msg="event listener(name: checkIn) sync=false exited" file="controller.go:171" Command=bootstrap/run Component=ma-training-toolkit Container=modelarts-training Platform=ModelArts-Service
time="2026-08-14T15:02:52+08:00" level=info msg="http server listening at 192.168.222.249:13851" file="server.go:62" Command=bootstrap/run Component=ma-training-toolkit Container=modelarts-training Platform=ModelArts-Service
time="2026-08-14T15:02:52+08:00" level=info msg="event(name: CheckedInEvent, msg: ) is being handled, len: 0" file="controller.go:123" Command=bootstrap/run Component=ma-training-toolkit Container=modelarts-training Platform=ModelArts-Service
time="2026-08-14T15:02:52+08:00" level=warning msg="read file runningCount failed, err: open /home/ma-user/modelarts/log/runningCount: no such file or directory" file="handler.go:242" Command=bootstrap/run Component=ma-training-toolkit Container=modelarts-training Platform=ModelArts-Service
time="2026-08-14T15:02:52+08:00" level=info msg="received check-in from task worker-0" file="handler.go:253" Command=bootstrap/run Component=ma-training-toolkit Container=modelarts-training Platform=ModelArts-Service
time="2026-08-14T15:02:52+08:00" level=info msg="[consistency-validate] single-node job, skip the consistency validate." file="processor.go:96" Command=bootstrap/run Component=ma-training-toolkit Container=modelarts-training Platform=ModelArts-Service
time="2026-08-14T15:02:52+08:00" level=info msg="all task worker checked-in, will start training" file="handler.go:656" Command=bootstrap/run Component=ma-training-toolkit Container=modelarts-training Platform=ModelArts-Service
time="2026-08-14T15:02:52+08:00" level=info msg="[sidecar] will upload using 8 workers" Component=ShellScripts Platform=ModelArts-Service
time="2026-08-14T15:02:52+08:00" level=info msg="[sidecar] toolkit_obs_upload_by_channels_pid = 696" Component=ShellScripts Platform=ModelArts-Service
time="2026-08-14T15:02:52+08:00" level=info msg="[sidecar] fault diagnose starting" Component=ShellScripts Platform=ModelArts-Service
time="2026-08-14T15:02:52+08:00" level=info msg="[sidecar] waiting for training complete" Component=ShellScripts Platform=ModelArts-Service
time="2026-08-14T15:02:52+08:00" level=info msg="MA_OUTPUTS environment variable is empty, skip creating upload tasks." file="upload_by_channels.go:62" Command=obs/upload_by_channels Component=ma-training-toolkit Container=modelarts-training-sidecar Platform=ModelArts-Service
time="2026-08-14T15:02:52+08:00" level=info msg="event listener(name: SystemAuxiliaryRoutines) sync=false started" file="controller.go:174" Command=bootstrap/run Component=ma-training-toolkit Container=modelarts-training Platform=ModelArts-Service
time="2026-08-14T15:02:52+08:00" level=info msg="event listener(name: watchUserProcessHangStatus) sync=false started" file="controller.go:174" Command=bootstrap/run Component=ma-training-toolkit Container=modelarts-training Platform=ModelArts-Service
time="2026-08-14T15:02:52+08:00" level=info msg="event listener(name: StartMindRecoverServer) sync=false started" file="controller.go:174" Command=bootstrap/run Component=ma-training-toolkit Container=modelarts-training Platform=ModelArts-Service
time="2026-08-14T15:02:52+08:00" level=info msg="event listener(name: watchStackCollecting) sync=false started" file="controller.go:174" Command=bootstrap/run Component=ma-training-toolkit Container=modelarts-training Platform=ModelArts-Service
time="2026-08-14T15:02:52+08:00" level=info msg="event listener(name: watchNPUResetConfig) sync=false started" file="controller.go:174" Command=bootstrap/run Component=ma-training-toolkit Container=modelarts-training Platform=ModelArts-Service
time="2026-08-14T15:02:52+08:00" level=info msg="event listener(name: watchNPUResetConfig) sync=false exited" file="controller.go:171" Command=bootstrap/run Component=ma-training-toolkit Container=modelarts-training Platform=ModelArts-Service
time="2026-08-14T15:02:52+08:00" level=info msg="event listener(name: watchAgentFaultCode) sync=false started" file="controller.go:174" Command=bootstrap/run Component=ma-training-toolkit Container=modelarts-training Platform=ModelArts-Service
time="2026-08-14T15:02:52+08:00" level=info msg="event listener(name: watchCoreDump) sync=false started" file="controller.go:174" Command=bootstrap/run Component=ma-training-toolkit Container=modelarts-training Platform=ModelArts-Service
time="2026-08-14T15:02:52+08:00" level=info msg="mind_recover server start listen..." file="grpc_init.go:57" Command=bootstrap/run Component=ma-training-toolkit Container=modelarts-training Platform=ModelArts-Service
time="2026-08-14T15:02:52+08:00" level=info msg="event listener(name: watchDynamicProfiling) sync=false started" file="controller.go:174" Command=bootstrap/run Component=ma-training-toolkit Container=modelarts-training Platform=ModelArts-Service
time="2026-08-14T15:02:52+08:00" level=info msg="event listener(name: watchNPURecoverStatus) sync=false started" file="controller.go:174" Command=bootstrap/run Component=ma-training-toolkit Container=modelarts-training Platform=ModelArts-Service
time="2026-08-14T15:02:52+08:00" level=info msg="event listener(name: watchNPURecoverStatus) sync=false exited" file="controller.go:171" Command=bootstrap/run Component=ma-training-toolkit Container=modelarts-training Platform=ModelArts-Service
time="2026-08-14T15:02:52+08:00" level=info msg="event listener(name: watchSwitchNICConfig) sync=false started" file="controller.go:174" Command=bootstrap/run Component=ma-training-toolkit Container=modelarts-training Platform=ModelArts-Service
time="2026-08-14T15:02:52+08:00" level=info msg="start to watch switch_nic_config listener" file="listener.go:1504" Command=bootstrap/run Component=ma-training-toolkit Container=modelarts-training Platform=ModelArts-Service
time="2026-08-14T15:02:52+08:00" level=info msg="event listener(name: watchGraceExit) sync=false started" file="controller.go:174" Command=bootstrap/run Component=ma-training-toolkit Container=modelarts-training Platform=ModelArts-Service
time="2026-08-14T15:02:52+08:00" level=info msg="event listener(name: watchGraceExit) sync=false exited" file="controller.go:171" Command=bootstrap/run Component=ma-training-toolkit Container=modelarts-training Platform=ModelArts-Service
time="2026-08-14T15:02:52+08:00" level=info msg="auxiliary routine(name: TaskDynoMonitor) started" file="listener.go:1223" Command=bootstrap/run Component=ma-training-toolkit Container=modelarts-training Platform=ModelArts-Service
time="2026-08-14T15:02:52+08:00" level=info msg="auxiliary routine(name: TaskDynoMonitor) exited" file="listener.go:1226" Command=bootstrap/run Component=ma-training-toolkit Container=modelarts-training Platform=ModelArts-Service
time="2026-08-14T15:02:52+08:00" level=info msg="add path /home/ma-user/modelarts/broadcast-command-config to dynamic profiling config file watcher sucessful" file="watcher.go:61" Command=bootstrap/run Component=ma-training-toolkit Container=modelarts-training Platform=ModelArts-Service
time="2026-08-14T15:02:52+08:00" level=info msg="auxiliary routine(name: SwitchNICWatcher) started" file="listener.go:1223" Command=bootstrap/run Component=ma-training-toolkit Container=modelarts-training Platform=ModelArts-Service
time="2026-08-14T15:02:52+08:00" level=info msg="switch_nic_config file watcher is running, file path: /modelarts-job-e141eb36-330e-4280-bed7-e050518efe9f/maos-node-agent/ascend/switch_nic_config" file="switch_nic_config_watcher.go:113" Command=bootstrap/run Component=ma-training-toolkit Container=modelarts-training Platform=ModelArts-Service
time="2026-08-14T15:02:52+08:00" level=info msg="auxiliary routine(name: TaskCoreDump) started" file="listener.go:1223" Command=bootstrap/run Component=ma-training-toolkit Container=modelarts-training Platform=ModelArts-Service
time="2026-08-14T15:02:52+08:00" level=info msg="dynamic profiling config watcher is running, metric file path: /home/ma-user/modelarts/broadcast-command-config" file="watcher.go:70" Command=bootstrap/run Component=ma-training-toolkit Container=modelarts-training Platform=ModelArts-Service
time="2026-08-14T15:02:52+08:00" level=info msg="auxiliary routine(name: TaskHangedDetect) started" file="listener.go:1223" Command=bootstrap/run Component=ma-training-toolkit Container=modelarts-training Platform=ModelArts-Service
time="2026-08-14T15:02:52+08:00" level=info msg="event listener(name: watchGPUResetConfig) sync=false started" file="controller.go:174" Command=bootstrap/run Component=ma-training-toolkit Container=modelarts-training Platform=ModelArts-Service
time="2026-08-14T15:02:52+08:00" level=warning msg="gpu hot reset config file watcher is empty, skip the watch step" file="listener.go:796" Command=bootstrap/run Component=ma-training-toolkit Container=modelarts-training Platform=ModelArts-Service
time="2026-08-14T15:02:52+08:00" level=info msg="event listener(name: watchGPUResetConfig) sync=false exited" file="controller.go:171" Command=bootstrap/run Component=ma-training-toolkit Container=modelarts-training Platform=ModelArts-Service
time="2026-08-14T15:02:52+08:00" level=info msg="event listener(name: instructAllFollowersStart) sync=false started" file="controller.go:174" Command=bootstrap/run Component=ma-training-toolkit Container=modelarts-training Platform=ModelArts-Service
time="2026-08-14T15:02:52+08:00" level=info msg="event listener(name: instructAllFollowersStart) sync=false exited" file="controller.go:171" Command=bootstrap/run Component=ma-training-toolkit Container=modelarts-training Platform=ModelArts-Service
time="2026-08-14T15:02:52+08:00" level=info msg="done handling event(name: CheckedInEvent, msg: ), started listeners: [startAndWait instructAllFollowersStart SystemAuxiliaryRoutines watchNPURecoverStatus watchNPUResetConfig watchGPUResetConfig watchUserProcessHangStatus watchAgentFaultCode watchDynamicProfiling StartMindRecoverServer watchGraceExit watchCoreDump watchSwitchNICConfig watchStackCollecting]" file="controller.go:137" Command=bootstrap/run Component=ma-training-toolkit Container=modelarts-training Platform=ModelArts-Service
time="2026-08-14T15:02:52+08:00" level=info msg="event listener(name: startAndWait) sync=false started" file="controller.go:174" Command=bootstrap/run Component=ma-training-toolkit Container=modelarts-training Platform=ModelArts-Service
time="2026-08-14T15:02:52+08:00" level=info msg="start watch routine [gpu-watch-routine]" file="watch_routine.go:41" Command=bootstrap/run Component=ma-training-toolkit Container=modelarts-training Platform=ModelArts-Service
time="2026-08-14T15:02:52+08:00" level=info msg="set env MA_INSTRUCT_TRAINING_PROC_START_TIME = 2026-08-14-15-02-52 successfully." file="utils.go:954" Command=bootstrap/run Component=ma-training-toolkit Container=modelarts-training Platform=ModelArts-Service
time="2026-08-14T15:02:52+08:00" level=info msg="cmd env: [NV_LIBCUBLAS_VERSION=12.1.0.26-1 NVIDIA_VISIBLE_DEVICES=all KUBERNETES_SERVICE_PORT_HTTPS=443 EFS_MOUNT_PATH=AAAAAgAAAAAAAAAAAAAAAQAAAAe/VBWQ9fCnPxcqv104Wv9jySKwZi4GHeMrXBHB0yeqbQEAAAEAAAAAAAAAYDUyRA5zxnNHVdlwmHGZQHQ1B6flu7LxbVkAy6GPu39BLZdoFrsdI+pDfMITcbuY7+Q89EkDdXErZE2ZM9J1BiehzBPhQxN1Fesw5/moh6CqookdDAL9iQ1FulGI6SZvVw== NCCL_IB_TC=128 MA_JOB_NAME=modelarts-job-e141eb36-330e-4280-bed7-e050518efe9f MA_TASK_NAME=worker NV_NVML_DEV_VERSION=12.1.55-1 MA_MOUNT_PATH=/home/ma-user/modelarts romaCsbAppid=com.noah.pangu.train.private KUBERNETES_SERVICE_PORT=443 JUPYTERLAB_DISABLE_EXTENSION= MA_JOB_DIR=/home/ma-user/modelarts/user-job-dir MA_VJ_NAME=modelarts-job-e141eb36-330e-4280-bed7-e050518efe9f MA_NUM_GPUS=8 CREDENTIAL_PROFILES_FILE=/run/secrets/modelarts/user/config NV_LIBNCCL_DEV_PACKAGE_VERSION=2.17.1-1 BASE_URL= DEDICATED_RESOURCE= ENV_NAME=PyTorch-2.1.0 MA_DEFAULT_DUMP_CORE_FILE_TO_OBS=true MA_RUNTIME_RECOVER_SYS_PORT=13851 HOSTNAME=os-node-created-2m6cs PIP_VERSION=20.3.3 S3_USE_HTTPS=1 VK_TASK_INDEX=0 MA_RESOURCE_PROVISIONER=modelarts_os NVIDIA_REQUIRE_CUDA=cuda>=12.1 JUPYTER_VERSION= brand=tesla NV_NVTX_VERSION=12.1.66-1 PUBLISH_AGREEMENT= MA_TERMINATION_GRACE_PERIOD_SECONDS=0 MA_TRAINING_CONTAINER_HEARTBEAT_WATCH_PERIOD_SECONDS=600 NCCL_NET_PLUGIN=none MA_RESOURCE_KIND=Job MA_ENGINE_VERSION= NV_CUDA_CUDART_DEV_VERSION=12.1.55-1 NV_LIBCUSPARSE_VERSION=12.0.2.55-1 NV_LIBNPP_VERSION=12.0.2.50-1 ENDPOINT_URL= MA_S3_ENDPOINT=https://obs.cn-north-9.my******cloud.com MEM_LIMIT= NOTEBOOK_SAMPLE_PKG= NCCL_VERSION=2.17.1-1 PIP_TIMEOUT= MA_CURRENT_INSTANCE_NAME=modelarts-job-e141eb36-330e-4280-bed7-e050518efe9f-worker-0 JPY_AUTH_TOKEN= CONSOLE_AUTH_ENDPOINT= IS_ROMA= MA_INPUTS= PWD=/home/ma-user CES_ENDPOINT=https://ces.cn-north-9.my******cloud.com MA_NAMESPACE=os-pool-a800-p7vn-siye IAM_ENDPOINT= S3_ENDPOINT=https://obs.cn-north-9.my******cloud.com NOTEBOOK_OPEN_ENDPOINT= PAAS_POD_ID=ec876f0c-9f16-44fc-a0f6-6a4a344700d0 REGION_NAME=cn-north-9 NVIDIA_DRIVER_CAPABILITIES=compute,utility MA_PYTHON_VERSION=2 STORAGE_CATEGORY= MAIN_MOUNT_PATH=/home/ma-user/work/ MA_ENGINE_TYPE= NCCL_DEBUG=INFO VC_WORKER_HOSTS=modelarts-job-e141eb36-330e-4280-bed7-e050518efe9f-worker-0.modelarts-job-e141eb36-330e-4280-bed7-e050518efe9f CUDA_PKG_VERSION=12-1=12.1.55-1 ENABLE_HTTPS= OBS_ENDPOINT= NV_LIBCUBLAS_DEV_VERSION=12.1.0.26-1 VC_TASK_INDEX=0 GALLERY_ENDPOINT= HOOK_EXECUTION_MAX_MINUTE= MA_NFS_MOUNT_VOLUMES=[{\"nfs_server_path\":\"6ae75661-3b69-4a7b-9749-b0e4bd54dc67.07448018-f217-4548-8c2e-ac95624a77d6.sfsturbo.internal:/\",\"local_path\":\"/home/ma-user/work/\",\"read_only\":false,\"share_info\":{\"id\":\"\",\"name\":\"\",\"export_location\":\"\"},\"names\":{\"SecretName\":\"\",\"PvName\":\"\",\"PvcName\":\"\"}}] NV_CUDA_CUDART_VERSION=12.1.55-1 MODELARTS_ENDPOINT= HOME=/home/ma-user MA_SCC_PYTHON_ADAPTER=/home/ma-user/modelarts/scc LANG=C.UTF-8 KUBERNETES_PORT_443_TCP=tcp://10.247.0.1:443 NCCL_IB_GID_INDEX=3 MA_CONTAINER_NAME=modelarts-training MA_PIP_HOST=repo.my******cloud.com GALLERY_SERVICE_AGREEMENT= ANACONDA_DIR=/home/ma-user/anaconda3 IS_NEW_IMAGE_FRAMEWORK=true IMAGE_REPO_URL= MA_HOME=/home/ma-user MA_CONSISTENCY_VALIDATE=true CUDA_VERSION=12.1.0 romaCsbUid=74a24a60-e359-4fb8-894d-301de36d63ca MA_TRAINING_MOUNT_PATH=/modelarts-job-e141eb36-330e-4280-bed7-e050518efe9f PIP_TRUSTED_HOST=repo.my******cloud.com MA_CURRENT_IP=192.168.222.249 MA_HANG_DETECT=1 MA_CURRENT_INSTANCE_ID=ec876f0c-9f16-44fc-a0f6-6a4a344700d0 SFS_ENDPOINT=https://sfs-turbo.cn-north-9.my******cloud.com MA_TERMINATION_MESSAGE_PATH=/home/ma-user/modelarts/log/termination-log JUPYTER_DEV= DEFAULT_CONDA_ENV_NAME=PyTorch-2.1.0 MODELARTS_CONSOLE_ENDPOINT= MA_CUSTOM_METRICS_EXPORTER_MAOS_AGENT_ON=true NFS_ENDPOINT=https://sfs-turbo.cn-north-9.my******cloud.com LOCAL_CACHE_SIZE_LIMIT=500Gi FLAVOR= NV_LIBNPP_DEV_VERSION=12.0.2.50-1 VC_WORKER_NUM=1 MODELARTS_LEASE_ENABLE= MA_MAX_BACKOFF=0 SITE_PACKAGES_PATH=/home/ma-user/anaconda3/envs/PyTorch-2.1.0/lib/python3.7/site-packages MA_TRAINING_CONTAINER_HEARTBEAT_WATCH_IS_ON=1 MODELARTS_SCC_SERVICE_PORT=59132 EFS_ID=07448018-f217-4548-8c2e-ac95624a77d6 MA_LOG_DIR=/home/ma-user/modelarts/log PYTHONPATH=/usr/local/seccomponent/lib:/home/ma-user/infer/model/1 NV_LIBCUSPARSE_DEV_VERSION=12.0.2.55-1 PROJECT_ID=0bfc7d3b168026e02f77c001ac3d8e18 REMOTE_DEV= MA_OUTPUTS={\"outputs\":[]}  LIBRARY_PATH=/usr/local/cuda/lib64/stubs: MA_IAM_PROJECT_ID=0bfc7d3b168026e02f77c001ac3d8e18 MA_NUM_HOSTS=1 MA_IAM_USER_ID=dacdcf01edec41568809d6d912ca0f12 MA_ENABLE_ASCEND_DEVICE_LOG_EXPORT=false PIP_INDEX_URL=http://repo.my******cloud.com/repository/pypi/simple MA_USER_LOG_DIR_OBS=/bucket-pangu-green/cyb/decodeatt/log/rkv814/ NCCL_IB_TIMEOUT=18 MODELARTS_MODEL_PATH=/home/ma-user/infer/model/1 CODE_AGENT_ENABLE= MA_JOB_CONTINUOUS_HANG_RETRY_NUM=0 SHLVL=0 NETWORK_TYPE=extranet MA_CUSTOM_COMMAND=1 NV_CUDA_LIB_VERSION=12.1.0-1 GALLERY_URL= KUBERNETES_PORT_443_TCP_PROTO=tcp MODELARTS_BATCH_PREDICT_URL=http://127.0.0.1:8080 MODELARTS_SDK_PKG= CUDNN_VERSION=8.9.0.131 MA_SCRIPT_INTERPRETER= MA_RUNTIME_INFO_COLLECTION=true MRS_ENDPOINT= MA_JOB_CONTINUOUS_UNCONDITIONAL_RETRY_NUM=0 KUBERNETES_PORT_443_TCP_ADDR=10.247.0.1 DATAARTS_DLF_ENDPOINT= MA_PROCESSES_EXIT_GRACE_PERIOD_SECONDS=0 MA_CODE_DIR=/home/ma-user/modelarts/user-job-dir/decodeatt AOM_ENDPOINT=https://aom.cn-north-9.my******cloud.com LD_LIBRARY_PATH=/usr/local/cuda/lib64:/usr/local/cuda/extras/CUPTI/lib64:/usr/local/nvidia/lib:/usr/local/nvidia/lib64:/usr/lib/x86_64-linux-gnu/ MA_CURRENT_HOST_IP=192.168.222.249 GPU_NUMBER= SWR_ENDPOINT= MA_APIGW_ENDPOINT=https://modelarts.cn-north-9.my******cloud.com LAUNCH_COMPONENT= IMAGE_ID= HCCL_IF_BASE_PORT=64000 MA_CUSTOM_METRICS_EXPORTER_ON=false notebook_resource_idle_stop_enabled= MA_DETECT_ITEM={\"cuda_check\":1,\"disk_size_check\":1,\"dns_check\":1,\"gpu_check\":1,\"nccl_check\":1,\"ulimit_check\":1} CPU_LIMIT= MA_PIP_URL=http://repo.my******cloud.com/repository/pypi/simple KUBERNETES_SERVICE_HOST=10.247.0.1 MA_CUSTOM_IMAGE=1 MA_DEDICATED_POOL=1 KUBERNETES_PORT=tcp://10.247.0.1:443 KUBERNETES_PORT_443_TCP_PORT=443 POOL_TYPE= SCC_CONFIG_PATH=/home/ma-user/modelarts/scc/conf_10x/scc.conf PATH=/home/ma-user/anaconda3/envs/PyTorch-2.1.0/bin:/usr/local/openmpi/bin:/usr/local/nvidia/bin:/usr/local/cuda/bin:/usr/local/sbin:/usr/local/bin:/usr/sbin:/usr/bin:/sbin:/bin CURRENT_IMAGE_NAME=swr.cn-north-9.my******cloud.com/modelarts-roma/chenyanbo_a800:0.0.6 INSTANCE_ID= NCCL_IB_RETRY_CNT=15 MA_RESOURCE_API_VERSION=batch.volcano.sh/v1alpha1 MA_SYS_PTRACE_ACTIVATED=true DATAARTS_DLF_CONSOLE= DLI_ENDPOINT= HOST_IP=172.16.3.127 S3_VERIFY_SSL=0 DATAARTS_ENDPOINT= SHARE_MAX_FILE_SIZE=100M _=/home/ma-user/modelarts/ma-training-toolkit MA_JOB_START_TIME=1786690972 MA_NPU_SAMPLE_ROUTINE_DISABLED=true NCCL_IB_GID_INDEX=3 NCCL_IB_TC=128 NCCL_SOCKET_IFNAME==ens2f5 GLOO_SOCKET_IFNAME=ens2f5 MA_RUNNING_CNT=1 MA_INSTRUCT_TRAINING_PROC_START_TIME=2026-08-14-15-02-52 ASCEND_PROCESS_LOG_PATH= ASCEND_WORK_PATH= TORCH_HCCL_DEBUG_INFO_TEMP_FILE= MA_PROC_START_CNT=1 MA_SCHEDULE_CNT=1]" file="process.go:168" Command=bootstrap/run Component=ma-training-toolkit Container=modelarts-training Platform=ModelArts-Service
time="2026-08-14T15:02:52+08:00" level=info msg="start command successfully, pid: 190, command: [bash -c bash /modelarts-job-e141eb36-330e-4280-bed7-e050518efe9f/MA-CUSTOM-COMMAND.sh 2>&1]" file="process.go:173" Command=bootstrap/run Component=ma-training-toolkit Container=modelarts-training Platform=ModelArts-Service
time="2026-08-14T15:02:52+08:00" level=info msg="zombie process cleaner is start running, childPid=190" file="cleaner_unix.go:31" Command=bootstrap/run Component=ma-training-toolkit Container=modelarts-training Platform=ModelArts-Service
bash: decodeatt/scripts/jiqun/aime24_rkv_b1536_s4_8gpu.sh: No such file or directory
time="2026-08-14T15:02:52+08:00" level=info msg="command is exit with 127" file="process.go:204" Command=bootstrap/run Component=ma-training-toolkit Container=modelarts-training Platform=ModelArts-Service
time="2026-08-14T15:02:52+08:00" level=info msg="the task will restart after terminating the user processes" file="process.go:406" Command=bootstrap/run Component=ma-training-toolkit Container=modelarts-training Platform=ModelArts-Service
time="2026-08-14T15:02:52+08:00" level=info msg="kill user processes successfully" file="process.go:479" Command=bootstrap/run Component=ma-training-toolkit Container=modelarts-training Platform=ModelArts-Service
time="2026-08-14T15:02:52+08:00" level=info msg="skip clear memarts socket dir" file="process.go:503" Command=bootstrap/run Component=ma-training-toolkit Container=modelarts-training Platform=ModelArts-Service
time="2026-08-14T15:02:52+08:00" level=info msg="clear profiler file skip" file="process.go:511" Command=bootstrap/run Component=ma-training-toolkit Container=modelarts-training Platform=ModelArts-Service
time="2026-08-14T15:02:52+08:00" level=info msg="detected pattern: map[]\n" file="process.go:229" Command=bootstrap/run Component=ma-training-toolkit Container=modelarts-training Platform=ModelArts-Service
time="2026-08-14T15:02:52+08:00" level=info msg="skip read knowledge file on path: /home/ma-user/training/runtime-scripts-v2/sidecar-container/diagnose_knowledge.json" file="analyzer.go:183" Command=analyze Component=ma-training-toolkit Container=modelarts-training-sidecar Platform=ModelArts-Service
time="2026-08-14T15:02:52+08:00" level=info msg="analyzer knowledge comes from [/home/ma-user/training/runtime-scripts-v2/sidecar-container/diagnose_knowledge_default.json]" file="analyzer.go:173" Command=analyze Component=ma-training-toolkit Container=modelarts-training-sidecar Platform=ModelArts-Service
time="2026-08-14T15:02:52+08:00" level=info msg="diagnosis http server listening at 127.0.0.1:9627" file="analyzer.go:436" Command=analyze Component=ma-training-toolkit Container=modelarts-training-sidecar Platform=ModelArts-Service
time="2026-08-14T15:02:52+08:00" level=info msg="local dir = /home/ma-user/modelarts/log/" file="upload.go:270" Command=obs/upload_by_channels Component=ma-training-toolkit Container=modelarts-training-sidecar Platform=ModelArts-Service Task=srt_log_collection
time="2026-08-14T15:02:52+08:00" level=info msg="obs dir = s3://yundao-modelarts-training-log-cn-north-9/e141eb36-330e-4280-bed7-e050518efe9f/worker-0" file="upload.go:273" Command=obs/upload_by_channels Component=ma-training-toolkit Container=modelarts-training-sidecar Platform=ModelArts-Service Task=srt_log_collection
time="2026-08-14T15:02:52+08:00" level=info msg="num of workers = 8" file="upload.go:278" Command=obs/upload_by_channels Component=ma-training-toolkit Container=modelarts-training-sidecar Platform=ModelArts-Service Task=srt_log_collection
time="2026-08-14T15:02:52+08:00" level=info msg="start the periodic upload task, upload Period = 60 seconds " file="upload.go:289" Command=obs/upload_by_channels Component=ma-training-toolkit Container=modelarts-training-sidecar Platform=ModelArts-Service Task=srt_log_collection
time="2026-08-14T15:02:52+08:00" level=info msg="local dir = /home/ma-user/modelarts/log/" file="upload.go:270" Command=obs/upload_by_channels Component=ma-training-toolkit Container=modelarts-training-sidecar Platform=ModelArts-Service Task=log_url
time="2026-08-14T15:02:52+08:00" level=info msg="obs dir = obs://bucket-pangu-green/cyb/decodeatt/log/rkv814/" file="upload.go:273" Command=obs/upload_by_channels Component=ma-training-toolkit Container=modelarts-training-sidecar Platform=ModelArts-Service Task=log_url
time="2026-08-14T15:02:52+08:00" level=info msg="num of workers = 8" file="upload.go:278" Command=obs/upload_by_channels Component=ma-training-toolkit Container=modelarts-training-sidecar Platform=ModelArts-Service Task=log_url
time="2026-08-14T15:02:52+08:00" level=info msg="start the periodic upload task, upload Period = 30 seconds " file="upload.go:289" Command=obs/upload_by_channels Component=ma-training-toolkit Container=modelarts-training-sidecar Platform=ModelArts-Service Task=log_url
time="2026-08-14T15:02:55+08:00" level=info msg="skip collecting gpu_topo, reason: run command nvidia-smi topo -m failed, err: failed to execute command: wait: no child processes, stderr: " file="collector.go:194" Command=bootstrap/run Component=ma-training-toolkit Container=modelarts-training Platform=ModelArts-Service
time="2026-08-14T15:02:55+08:00" level=info msg="pre runtime info collection finished" file="run_train.go:1410" Command=bootstrap/run Component=ma-training-toolkit Container=modelarts-training Platform=ModelArts-Service
time="2026-08-14T15:02:56+08:00" level=info msg="no more children pid, we are done" file="cleaner_unix.go:86" Command=bootstrap/run Component=ma-training-toolkit Container=modelarts-training Platform=ModelArts-Service
time="2026-08-14T15:02:56+08:00" level=info msg="analyzer is diagnosing for http request" file="analyzer.go:447" Command=analyze Component=ma-training-toolkit Container=modelarts-training-sidecar Platform=ModelArts-Service
time="2026-08-14T15:02:56+08:00" level=info msg="time required for conclude： 0 ms" file="analyzer.go:412" Command=analyze Component=ma-training-toolkit Container=modelarts-training-sidecar Platform=ModelArts-Service
time="2026-08-14T15:02:56+08:00" level=info msg="device log export result is false" file="listener.go:331" Command=bootstrap/run Component=ma-training-toolkit Container=modelarts-training Platform=ModelArts-Service
time="2026-08-14T15:02:56+08:00" level=info msg="current job is not npu job, skip parse ascend log" file="ascend_log_handler.go:216" Command=bootstrap/run Component=ma-training-toolkit Container=modelarts-training Platform=ModelArts-Service
time="2026-08-14T15:02:56+08:00" level=info msg="terminate all system auxiliary routines" file="common.go:30" Command=bootstrap/run Component=ma-training-toolkit Container=modelarts-training Platform=ModelArts-Service
time="2026-08-14T15:02:56+08:00" level=info msg="event listener(name: startAndWait) sync=false exited" file="controller.go:171" Command=bootstrap/run Component=ma-training-toolkit Container=modelarts-training Platform=ModelArts-Service
time="2026-08-14T15:02:56+08:00" level=info msg="zombie process cleaner is exiting" file="cleaner_unix.go:53" Command=bootstrap/run Component=ma-training-toolkit Container=modelarts-training Platform=ModelArts-Service
time="2026-08-14T15:02:56+08:00" level=info msg="gpu-watch-routine is exiting without startup observed" file="watch_routine.go:50" Command=bootstrap/run Component=ma-training-toolkit Container=modelarts-training Platform=ModelArts-Service
time="2026-08-14T15:02:56+08:00" level=info msg="event(name: UserProcessTerminatedEvent, msg: ) is being handled, len: 0" file="controller.go:123" Command=bootstrap/run Component=ma-training-toolkit Container=modelarts-training Platform=ModelArts-Service
time="2026-08-14T15:02:56+08:00" level=info msg="received terminated-state from task worker-0, user process exit code: 127" file="handler.go:263" Command=bootstrap/run Component=ma-training-toolkit Container=modelarts-training Platform=ModelArts-Service
time="2026-08-14T15:02:56+08:00" level=info msg="switch_nic_config watcher has exited" file="switch_nic_config_watcher.go:117" Command=bootstrap/run Component=ma-training-toolkit Container=modelarts-training Platform=ModelArts-Service
time="2026-08-14T15:02:56+08:00" level=info msg="auxiliary routine(name: SwitchNICWatcher) exited" file="listener.go:1226" Command=bootstrap/run Component=ma-training-toolkit Container=modelarts-training Platform=ModelArts-Service
time="2026-08-14T15:02:56+08:00" level=info msg="auxiliary routine(name: TaskHangedDetect) exited" file="listener.go:1226" Command=bootstrap/run Component=ma-training-toolkit Container=modelarts-training Platform=ModelArts-Service
time="2026-08-14T15:02:56+08:00" level=info msg="auxiliary routine(name: TaskCoreDump) exited" file="listener.go:1226" Command=bootstrap/run Component=ma-training-toolkit Container=modelarts-training Platform=ModelArts-Service
time="2026-08-14T15:02:56+08:00" level=info msg="event listener(name: SystemAuxiliaryRoutines) sync=false exited" file="controller.go:171" Command=bootstrap/run Component=ma-training-toolkit Container=modelarts-training Platform=ModelArts-Service
time="2026-08-14T15:02:56+08:00" level=info msg="user processes termination grace period set to 0" file="utils.go:975" Command=bootstrap/run Component=ma-training-toolkit Container=modelarts-training Platform=ModelArts-Service
time="2026-08-14T15:02:56+08:00" level=info msg="the number of event listener is zero, registration is not required" file="controller.go:158" Command=bootstrap/run Component=ma-training-toolkit Container=modelarts-training Platform=ModelArts-Service
time="2026-08-14T15:02:56+08:00" level=info msg="done handling event(name: UserProcessTerminatedEvent, msg: ), will exit with 127" file="controller.go:128" Command=bootstrap/run Component=ma-training-toolkit Container=modelarts-training Platform=ModelArts-Service
time="2026-08-14T15:02:56+08:00" level=info msg="context is closing, shutting down the http server" file="server.go:51" Command=bootstrap/run Component=ma-training-toolkit Container=modelarts-training Platform=ModelArts-Service
time="2026-08-14T15:02:56+08:00" level=info msg="dynamic profiling config watcher has exited" file="watcher.go:74" Command=bootstrap/run Component=ma-training-toolkit Container=modelarts-training Platform=ModelArts-Service
time="2026-08-14T15:02:56+08:00" level=info msg="[stack-collect] context done" file="listener.go:1015" Command=bootstrap/run Component=ma-training-toolkit Container=modelarts-training Platform=ModelArts-Service
time="2026-08-14T15:02:56+08:00" level=info msg="maos-node-agent watcher exiting" file="metrics_watcher.go:101" Command=bootstrap/run Component=ma-training-toolkit Container=modelarts-training Platform=ModelArts-Service
time="2026-08-14T15:02:56+08:00" level=info msg="dynamic profiling config file listener is exiting" file="listener.go:1045" Command=bootstrap/run Component=ma-training-toolkit Container=modelarts-training Platform=ModelArts-Service
time="2026-08-14T15:02:56+08:00" level=info msg="event listener(name: watchDynamicProfiling) sync=false exited" file="controller.go:171" Command=bootstrap/run Component=ma-training-toolkit Container=modelarts-training Platform=ModelArts-Service
time="2026-08-14T15:02:56+08:00" level=info msg="mind_recover server exiting" file="listener.go:1410" Command=bootstrap/run Component=ma-training-toolkit Container=modelarts-training Platform=ModelArts-Service
time="2026-08-14T15:02:56+08:00" level=info msg="watch watch core dump listener is exiting" file="listener.go:896" Command=bootstrap/run Component=ma-training-toolkit Container=modelarts-training Platform=ModelArts-Service
time="2026-08-14T15:02:56+08:00" level=info msg="event listener(name: watchCoreDump) sync=false exited" file="controller.go:171" Command=bootstrap/run Component=ma-training-toolkit Container=modelarts-training Platform=ModelArts-Service
time="2026-08-14T15:02:56+08:00" level=info msg="event listener(name: StartMindRecoverServer) sync=false exited" file="controller.go:171" Command=bootstrap/run Component=ma-training-toolkit Container=modelarts-training Platform=ModelArts-Service
time="2026-08-14T15:02:56+08:00" level=info msg="watch switch_nic_config listener is exiting" file="listener.go:1509" Command=bootstrap/run Component=ma-training-toolkit Container=modelarts-training Platform=ModelArts-Service
time="2026-08-14T15:02:56+08:00" level=info msg="event listener(name: watchSwitchNICConfig) sync=false exited" file="controller.go:171" Command=bootstrap/run Component=ma-training-toolkit Container=modelarts-training Platform=ModelArts-Service
time="2026-08-14T15:02:56+08:00" level=info msg="http server shutdown successfully" file="server.go:58" Command=bootstrap/run Component=ma-training-toolkit Container=modelarts-training Platform=ModelArts-Service
time="2026-08-14T15:02:56+08:00" level=info msg="event listener(name: listenAndServe) sync=false exited" file="controller.go:171" Command=bootstrap/run Component=ma-training-toolkit Container=modelarts-training Platform=ModelArts-Service
time="2026-08-14T15:02:56+08:00" level=info msg="agent fault code listener exiting" file="listener.go:1096" Command=bootstrap/run Component=ma-training-toolkit Container=modelarts-training Platform=ModelArts-Service
time="2026-08-14T15:02:56+08:00" level=info msg="event listener(name: watchAgentFaultCode) sync=false exited" file="controller.go:171" Command=bootstrap/run Component=ma-training-toolkit Container=modelarts-training Platform=ModelArts-Service
time="2026-08-14T15:02:56+08:00" level=info msg="watch user process hang status listener is exiting" file="listener.go:832" Command=bootstrap/run Component=ma-training-toolkit Container=modelarts-training Platform=ModelArts-Service
time="2026-08-14T15:02:56+08:00" level=info msg="event listener(name: watchUserProcessHangStatus) sync=false exited" file="controller.go:171" Command=bootstrap/run Component=ma-training-toolkit Container=modelarts-training Platform=ModelArts-Service
time="2026-08-14T15:02:56+08:00" level=info msg="event listener(name: watchStackCollecting) sync=false exited" file="controller.go:171" Command=bootstrap/run Component=ma-training-toolkit Container=modelarts-training Platform=ModelArts-Service
time="2026-08-14T15:02:56+08:00" level=info msg="controller exit with 127" file="controller.go:151" Command=bootstrap/run Component=ma-training-toolkit Container=modelarts-training Platform=ModelArts-Service
time="2026-08-14T15:02:56+08:00" level=info msg="the post-training script(ma-post-end.sh) not found on env, bootfile dir, or code dir, skipping execution" file="run_train.go:1285" Command=bootstrap/run Component=ma-training-toolkit Container=modelarts-training Platform=ModelArts-Service
time="2026-08-14T15:02:56+08:00" level=info msg="post runtime info collection started" file="run_train.go:1453" Command=bootstrap/run Component=ma-training-toolkit Container=modelarts-training Platform=ModelArts-Service
time="2026-08-14T15:02:56+08:00" level=info msg="skip collecting ascend_env_info, reason: not an ascend job, no need to collect" file="collector.go:194" Command=bootstrap/run Component=ma-training-toolkit Container=modelarts-training Platform=ModelArts-Service
time="2026-08-14T15:02:56+08:00" level=info msg="skip collecting npu_device_log, reason: not an NPU job, no need to collect" file="collector.go:194" Command=bootstrap/run Component=ma-training-toolkit Container=modelarts-training Platform=ModelArts-Service
time="2026-08-14T15:02:56+08:00" level=info msg="skip collecting npu_ecc_info, reason: not a NPU job" file="collector.go:194" Command=bootstrap/run Component=ma-training-toolkit Container=modelarts-training Platform=ModelArts-Service
time="2026-08-14T15:02:56+08:00" level=info msg="skip collecting pip_list, reason: set conda env failed, err: set conda path for custom command failed, err: default conda env in DEFAULT_CONDA_ENV_NAME not found in ANACONDA_DIR, skipping" file="collector.go:194" Command=bootstrap/run Component=ma-training-toolkit Container=modelarts-training Platform=ModelArts-Service
time="2026-08-14T15:02:56+08:00" level=warning msg="failed to copy rank table file,source path:/user/config/jobstart_hccl.json" file="collector.go:1217" Command=bootstrap/run Component=ma-training-toolkit Container=modelarts-training Platform=ModelArts-Service
time="2026-08-14T15:02:56+08:00" level=info msg="skip collecting rank_table_file, reason: empty results" file="collector.go:198" Command=bootstrap/run Component=ma-training-toolkit Container=modelarts-training Platform=ModelArts-Service
time="2026-08-14T15:03:00+08:00" level=info msg="post runtime info collection finished" file="run_train.go:1469" Command=bootstrap/run Component=ma-training-toolkit Container=modelarts-training Platform=ModelArts-Service
time="2026-08-14T15:03:00+08:00" level=info msg="report event TrainingExitWithHostIP success" file="event.go:136" Command=bootstrap/run Component=ma-training-toolkit Container=modelarts-training Platform=ModelArts-Service
time="2026-08-14T15:03:00+08:00" level=error msg="bootstrap is exiting with exit code 127" file="bootstrap.go:375" Command=bootstrap/run Component=ma-training-toolkit Container=modelarts-training Platform=ModelArts-Service
time="2026-08-14T15:03:00+08:00" level=info msg="retCode 127 has been written to the retCode file /home/ma-user/modelarts/retCode" file="bootstrap.go:354" Command=bootstrap/run Component=ma-training-toolkit Container=modelarts-training Platform=ModelArts-Service
time="2026-08-14T15:03:01+08:00" level=info msg="[sidecar] training is completed" Component=ShellScripts Platform=ModelArts-Service
time="2026-08-14T15:03:01+08:00" level=info msg="[sidecar] last diagnosis before exit" Component=ShellScripts Platform=ModelArts-Service
time="2026-08-14T15:03:01+08:00" level=info msg="skip read knowledge file on path: /home/ma-user/training/runtime-scripts-v2/sidecar-container/diagnose_knowledge.json" file="analyzer.go:183" Command=analyze Component=ma-training-toolkit Container=modelarts-training-sidecar Platform=ModelArts-Service
time="2026-08-14T15:03:01+08:00" level=info msg="analyzer knowledge comes from [/home/ma-user/training/runtime-scripts-v2/sidecar-container/diagnose_knowledge_default.json]" file="analyzer.go:173" Command=analyze Component=ma-training-toolkit Container=modelarts-training-sidecar Platform=ModelArts-Service
time="2026-08-14T15:03:01+08:00" level=info msg="analyzer requires diagnosing once" file="analyzer.go:274" Command=analyze Component=ma-training-toolkit Container=modelarts-training-sidecar Platform=ModelArts-Service
time="2026-08-14T15:03:01+08:00" level=info msg="time required for conclude： 0 ms" file="analyzer.go:412" Command=analyze Component=ma-training-toolkit Container=modelarts-training-sidecar Platform=ModelArts-Service
time="2026-08-14T15:03:01+08:00" level=info msg="[sidecar] stop toolkit_host_log_collection_pid = 55 by signal SIGTERM" Component=ShellScripts Platform=ModelArts-Service
time="2026-08-14T15:03:01+08:00" level=info msg="ctx is closing, dump host logs for the last time" file="host_log.go:51" Command=host-log-collection Component=ma-training-toolkit Container=modelarts-training-sidecar Platform=ModelArts-Service
time="2026-08-14T15:03:01+08:00" level=info msg="dump host logs to /home/ma-user/modelarts/log succeed" file="host_log.go:57" Command=host-log-collection Component=ma-training-toolkit Container=modelarts-training-sidecar Platform=ModelArts-Service
time="2026-08-14T15:03:01+08:00" level=info msg="[sidecar] stop toolkit_obs_upload_by_channels_pid = 696 by signal SIGTERM" Component=ShellScripts Platform=ModelArts-Service
time="2026-08-14T15:03:02+08:00" level=info msg="retcode file already exists" file="analyzer.go:292" Command=analyze Component=ma-training-toolkit Container=modelarts-training-sidecar Platform=ModelArts-Service
time="2026-08-14T15:03:02+08:00" level=info msg="analyzer has exited" file="analyzer.go:310" Command=analyze Component=ma-training-toolkit Container=modelarts-training-sidecar Platform=ModelArts-Service
time="2026-08-14T15:03:02+08:00" level=info msg="obs client ctx is closed" file="upload.go:207" Command=obs/upload_by_channels Component=ma-training-toolkit Container=modelarts-training-sidecar Platform=ModelArts-Service Task=log_url
time="2026-08-14T15:03:02+08:00" level=info msg="the final upload is in progress..." file="upload.go:302" Command=obs/upload_by_channels Component=ma-training-toolkit Container=modelarts-training-sidecar Platform=ModelArts-Service Task=log_url
time="2026-08-14T15:03:02+08:00" level=info msg="start upload output at 2026-08-14T15:03:02+08:00" file="upload.go:305" Command=obs/upload_by_channels Component=ma-training-toolkit Container=modelarts-training-sidecar Platform=ModelArts-Service Task=log_url
time="2026-08-14T15:03:02+08:00" level=info msg="obs client ctx is closed" file="upload.go:207" Command=obs/upload_by_channels Component=ma-training-toolkit Container=modelarts-training-sidecar Platform=ModelArts-Service Task=srt_log_collection
time="2026-08-14T15:03:02+08:00" level=info msg="the final upload is in progress..." file="upload.go:302" Command=obs/upload_by_channels Component=ma-training-toolkit Container=modelarts-training-sidecar Platform=ModelArts-Service Task=srt_log_collection
time="2026-08-14T15:03:02+08:00" level=info msg="start upload output at 2026-08-14T15:03:02+08:00" file="upload.go:305" Command=obs/upload_by_channels Component=ma-training-toolkit Container=modelarts-training-sidecar Platform=ModelArts-Service Task=srt_log_collection
